Initialized native services in: /home/one/.gradle/native
Initialized jansi services in: /home/one/.gradle/native
Received JVM installation metadata from '/usr/lib/jvm/java-25-openjdk': {JAVA_HOME=/usr/lib/jvm/java-25-openjdk, JAVA_VERSION=25.0.3, JAVA_VENDOR=Red Hat, Inc., RUNTIME_NAME=OpenJDK Runtime Environment, RUNTIME_VERSION=25.0.3+9, VM_NAME=OpenJDK 64-Bit Server VM, VM_VERSION=25.0.3+9, VM_VENDOR=Red Hat, Inc., OS_ARCH=amd64}
The client will now receive all logging from the daemon (pid: 239686). The daemon log file: /home/one/.gradle/daemon/8.9/daemon-239686.out.log
Starting 4th build in daemon [uptime: 5 mins 33.593 secs, performance: 99%, GC rate: 0.00/s, heap usage: 0% of 4 GiB]
Using 12 worker leases.
Calculating task graph as no cached configuration is available for tasks: assembleDebug
Now considering [/home/one/p/one/rustkey/android] as hierarchies to watch
Watching the file system is configured to be enabled if available
File system watching is active
Starting Build
Caching disabled for Kotlin DSL script compilation (Settings/TopLevel/stage1) because:
  Build cache is disabled

FAILURE: Build failed with an exception.

* What went wrong:
25.0.3

* Try:
> Run with --stacktrace option to get the stack trace.
> Run with --debug option to get more log output.
> Run with --scan to get full insights.
> Get more help at https://help.gradle.org.

BUILD FAILED in 1s
Configuration cache entry stored.
